
R version 3.4.4 (2018-03-15) -- "Someone to Lean On"
Copyright (C) 2018 The R Foundation for Statistical Computing
Platform: x86_64-pc-linux-gnu (64-bit)

R is free software and comes with ABSOLUTELY NO WARRANTY.
You are welcome to redistribute it under certain conditions.
Type 'license()' or 'licence()' for distribution details.

  Natural language support but running in an English locale

R is a collaborative project with many contributors.
Type 'contributors()' for more information and
'citation()' on how to cite R or R packages in publications.

Type 'demo()' for some demos, 'help()' for on-line help, or
'help.start()' for an HTML browser interface to help.
Type 'q()' to quit R.

> library(dplyr)

Attaching package: ‘dplyr’

The following objects are masked from ‘package:stats’:

    filter, lag

The following objects are masked from ‘package:base’:

    intersect, setdiff, setequal, union

> library(rtweet)
> 
> source('twitterkeys.R')
> 
> 
> friends <- readRDS('data/deputies_twitter_friends_tmp_20190702.RDS')
> 
> token <- create_token(
+     app = "WZBAnalysis",
+     consumer_key = consumer_key,
+     consumer_secret = consumer_secret,
+     access_token = access_token,
+     access_secret = access_secret)
> 
> friends_ids <- unique(friends$user_id)
> #friends_ids <- friends_ids[1:1000]   # subset for testing
> 
> n_friends_ids <- length(friends_ids)
> 
> n_retries <- 5
> sleep_sec <- 15 * 60  # 15 minutes is the time window for rate limit reset
> chunksize <- 100      # the docs say 300 requests with 100 IDs each per 15 min.
> n_max_requests <- 280
> chunk_idx <- 0
> cur_retry <- 0
> friendsdata <- data_frame()
Warning message:
`data_frame()` is deprecated, use `tibble()`.
This warning is displayed once per session. 
> 
> print('fetching data from Twitter API...')
[1] "fetching data from Twitter API..."
> 
> request_i <- 0
> while(TRUE) {
+     chunk_start <- chunk_idx * chunksize + 1
+     chunk_end <- min(c((chunk_idx + 1) * chunksize, n_friends_ids))
+     friends_ids_chunk <- friends_ids[chunk_start:chunk_end]
+     print(sprintf('fetching data for friends IDs in range [%d, %d] (%d ids)', chunk_start, chunk_end, length(friends_ids_chunk)))
+     
+     
+     success <- tryCatch({
+         request_i <- request_i + 1
+         friendsdata_chunk <- lookup_users(friends_ids_chunk)
+         friendsdata <- bind_rows(friendsdata, friendsdata_chunk)
+         TRUE
+     }, error = function(cond) {
+         FALSE
+     })
+     
+     if (success) {
+         cur_retry <- 0
+         
+         if (chunk_start + chunksize > n_friends_ids) {
+             break()
+         }
+     } else {
+         cur_retry <- cur_retry + 1
+         
+         if (cur_retry >= n_retries) {
+             print(sprintf('failed after %d retries', cur_retry))
+             break()
+         }
+         
+         print(sprintf('will advance with retry %d', cur_retry))
+     }
+     
+     if (request_i %% n_max_requests == 0 || !success) {    # wait after max. num. requests or when no success
+         print(sprintf('waiting for %d sec.', sleep_sec))
+         Sys.sleep(sleep_sec)
+     }
+     
+     if (success) {   # if no success, retry with same chunk
+         chunk_idx <- chunk_idx + 1
+     }
+ }
[1] "fetching data for friends IDs in range [1, 100] (100 ids)"
[1] "fetching data for friends IDs in range [101, 200] (100 ids)"
[1] "fetching data for friends IDs in range [201, 300] (100 ids)"
[1] "fetching data for friends IDs in range [301, 400] (100 ids)"
[1] "fetching data for friends IDs in range [401, 500] (100 ids)"
[1] "fetching data for friends IDs in range [501, 600] (100 ids)"
[1] "fetching data for friends IDs in range [601, 700] (100 ids)"
[1] "fetching data for friends IDs in range [701, 800] (100 ids)"
[1] "fetching data for friends IDs in range [801, 900] (100 ids)"
[1] "fetching data for friends IDs in range [901, 1000] (100 ids)"
[1] "fetching data for friends IDs in range [1001, 1100] (100 ids)"
[1] "fetching data for friends IDs in range [1101, 1200] (100 ids)"
[1] "fetching data for friends IDs in range [1201, 1300] (100 ids)"
[1] "fetching data for friends IDs in range [1301, 1400] (100 ids)"
[1] "fetching data for friends IDs in range [1401, 1500] (100 ids)"
[1] "fetching data for friends IDs in range [1501, 1600] (100 ids)"
[1] "fetching data for friends IDs in range [1601, 1700] (100 ids)"
[1] "fetching data for friends IDs in range [1701, 1800] (100 ids)"
[1] "fetching data for friends IDs in range [1801, 1900] (100 ids)"
[1] "fetching data for friends IDs in range [1901, 2000] (100 ids)"
[1] "fetching data for friends IDs in range [2001, 2100] (100 ids)"
[1] "fetching data for friends IDs in range [2101, 2200] (100 ids)"
[1] "fetching data for friends IDs in range [2201, 2300] (100 ids)"
[1] "fetching data for friends IDs in range [2301, 2400] (100 ids)"
[1] "fetching data for friends IDs in range [2401, 2500] (100 ids)"
[1] "fetching data for friends IDs in range [2501, 2600] (100 ids)"
[1] "fetching data for friends IDs in range [2601, 2700] (100 ids)"
[1] "fetching data for friends IDs in range [2701, 2800] (100 ids)"
[1] "fetching data for friends IDs in range [2801, 2900] (100 ids)"
[1] "fetching data for friends IDs in range [2901, 3000] (100 ids)"
[1] "fetching data for friends IDs in range [3001, 3100] (100 ids)"
[1] "fetching data for friends IDs in range [3101, 3200] (100 ids)"
[1] "fetching data for friends IDs in range [3201, 3300] (100 ids)"
[1] "fetching data for friends IDs in range [3301, 3400] (100 ids)"
[1] "fetching data for friends IDs in range [3401, 3500] (100 ids)"
[1] "fetching data for friends IDs in range [3501, 3600] (100 ids)"
[1] "fetching data for friends IDs in range [3601, 3700] (100 ids)"
[1] "fetching data for friends IDs in range [3701, 3800] (100 ids)"
[1] "fetching data for friends IDs in range [3801, 3900] (100 ids)"
[1] "fetching data for friends IDs in range [3901, 4000] (100 ids)"
[1] "fetching data for friends IDs in range [4001, 4100] (100 ids)"
[1] "fetching data for friends IDs in range [4101, 4200] (100 ids)"
[1] "fetching data for friends IDs in range [4201, 4300] (100 ids)"
[1] "fetching data for friends IDs in range [4301, 4400] (100 ids)"
[1] "fetching data for friends IDs in range [4401, 4500] (100 ids)"
[1] "fetching data for friends IDs in range [4501, 4600] (100 ids)"
[1] "fetching data for friends IDs in range [4601, 4700] (100 ids)"
[1] "fetching data for friends IDs in range [4701, 4800] (100 ids)"
[1] "fetching data for friends IDs in range [4801, 4900] (100 ids)"
[1] "fetching data for friends IDs in range [4901, 5000] (100 ids)"
[1] "fetching data for friends IDs in range [5001, 5100] (100 ids)"
[1] "fetching data for friends IDs in range [5101, 5200] (100 ids)"
[1] "fetching data for friends IDs in range [5201, 5300] (100 ids)"
[1] "fetching data for friends IDs in range [5301, 5400] (100 ids)"
[1] "fetching data for friends IDs in range [5401, 5500] (100 ids)"
[1] "fetching data for friends IDs in range [5501, 5600] (100 ids)"
[1] "fetching data for friends IDs in range [5601, 5700] (100 ids)"
[1] "fetching data for friends IDs in range [5701, 5800] (100 ids)"
[1] "fetching data for friends IDs in range [5801, 5900] (100 ids)"
[1] "fetching data for friends IDs in range [5901, 6000] (100 ids)"
[1] "fetching data for friends IDs in range [6001, 6100] (100 ids)"
[1] "fetching data for friends IDs in range [6101, 6200] (100 ids)"
[1] "fetching data for friends IDs in range [6201, 6300] (100 ids)"
[1] "fetching data for friends IDs in range [6301, 6400] (100 ids)"
[1] "fetching data for friends IDs in range [6401, 6500] (100 ids)"
[1] "fetching data for friends IDs in range [6501, 6600] (100 ids)"
[1] "fetching data for friends IDs in range [6601, 6700] (100 ids)"
[1] "fetching data for friends IDs in range [6701, 6800] (100 ids)"
[1] "fetching data for friends IDs in range [6801, 6900] (100 ids)"
[1] "fetching data for friends IDs in range [6901, 7000] (100 ids)"
[1] "fetching data for friends IDs in range [7001, 7100] (100 ids)"
[1] "fetching data for friends IDs in range [7101, 7200] (100 ids)"
[1] "fetching data for friends IDs in range [7201, 7300] (100 ids)"
[1] "fetching data for friends IDs in range [7301, 7400] (100 ids)"
[1] "fetching data for friends IDs in range [7401, 7500] (100 ids)"
[1] "fetching data for friends IDs in range [7501, 7600] (100 ids)"
[1] "fetching data for friends IDs in range [7601, 7700] (100 ids)"
[1] "fetching data for friends IDs in range [7701, 7800] (100 ids)"
[1] "fetching data for friends IDs in range [7801, 7900] (100 ids)"
[1] "fetching data for friends IDs in range [7901, 8000] (100 ids)"
[1] "fetching data for friends IDs in range [8001, 8100] (100 ids)"
[1] "fetching data for friends IDs in range [8101, 8200] (100 ids)"
[1] "fetching data for friends IDs in range [8201, 8300] (100 ids)"
[1] "fetching data for friends IDs in range [8301, 8400] (100 ids)"
[1] "fetching data for friends IDs in range [8401, 8500] (100 ids)"
[1] "fetching data for friends IDs in range [8501, 8600] (100 ids)"
[1] "fetching data for friends IDs in range [8601, 8700] (100 ids)"
[1] "fetching data for friends IDs in range [8701, 8800] (100 ids)"
[1] "fetching data for friends IDs in range [8801, 8900] (100 ids)"
[1] "fetching data for friends IDs in range [8901, 9000] (100 ids)"
[1] "fetching data for friends IDs in range [9001, 9100] (100 ids)"
[1] "fetching data for friends IDs in range [9101, 9200] (100 ids)"
[1] "fetching data for friends IDs in range [9201, 9300] (100 ids)"
[1] "fetching data for friends IDs in range [9301, 9400] (100 ids)"
[1] "fetching data for friends IDs in range [9401, 9500] (100 ids)"
[1] "fetching data for friends IDs in range [9501, 9600] (100 ids)"
[1] "fetching data for friends IDs in range [9601, 9700] (100 ids)"
[1] "fetching data for friends IDs in range [9701, 9800] (100 ids)"
[1] "fetching data for friends IDs in range [9801, 9900] (100 ids)"
[1] "fetching data for friends IDs in range [9901, 10000] (100 ids)"
[1] "fetching data for friends IDs in range [10001, 10100] (100 ids)"
[1] "fetching data for friends IDs in range [10101, 10200] (100 ids)"
[1] "fetching data for friends IDs in range [10201, 10300] (100 ids)"
[1] "fetching data for friends IDs in range [10301, 10400] (100 ids)"
[1] "fetching data for friends IDs in range [10401, 10500] (100 ids)"
[1] "fetching data for friends IDs in range [10501, 10600] (100 ids)"
[1] "fetching data for friends IDs in range [10601, 10700] (100 ids)"
[1] "fetching data for friends IDs in range [10701, 10800] (100 ids)"
[1] "fetching data for friends IDs in range [10801, 10900] (100 ids)"
[1] "fetching data for friends IDs in range [10901, 11000] (100 ids)"
[1] "fetching data for friends IDs in range [11001, 11100] (100 ids)"
[1] "fetching data for friends IDs in range [11101, 11200] (100 ids)"
[1] "fetching data for friends IDs in range [11201, 11300] (100 ids)"
[1] "fetching data for friends IDs in range [11301, 11400] (100 ids)"
[1] "fetching data for friends IDs in range [11401, 11500] (100 ids)"
[1] "fetching data for friends IDs in range [11501, 11600] (100 ids)"
[1] "fetching data for friends IDs in range [11601, 11700] (100 ids)"
[1] "fetching data for friends IDs in range [11701, 11800] (100 ids)"
[1] "fetching data for friends IDs in range [11801, 11900] (100 ids)"
[1] "fetching data for friends IDs in range [11901, 12000] (100 ids)"
[1] "fetching data for friends IDs in range [12001, 12100] (100 ids)"
[1] "fetching data for friends IDs in range [12101, 12200] (100 ids)"
[1] "fetching data for friends IDs in range [12201, 12300] (100 ids)"
[1] "fetching data for friends IDs in range [12301, 12400] (100 ids)"
[1] "fetching data for friends IDs in range [12401, 12500] (100 ids)"
[1] "fetching data for friends IDs in range [12501, 12600] (100 ids)"
[1] "fetching data for friends IDs in range [12601, 12700] (100 ids)"
[1] "fetching data for friends IDs in range [12701, 12800] (100 ids)"
[1] "fetching data for friends IDs in range [12801, 12900] (100 ids)"
[1] "fetching data for friends IDs in range [12901, 13000] (100 ids)"
[1] "fetching data for friends IDs in range [13001, 13100] (100 ids)"
[1] "fetching data for friends IDs in range [13101, 13200] (100 ids)"
[1] "fetching data for friends IDs in range [13201, 13300] (100 ids)"
[1] "fetching data for friends IDs in range [13301, 13400] (100 ids)"
[1] "fetching data for friends IDs in range [13401, 13500] (100 ids)"
[1] "fetching data for friends IDs in range [13501, 13600] (100 ids)"
[1] "fetching data for friends IDs in range [13601, 13700] (100 ids)"
[1] "fetching data for friends IDs in range [13701, 13800] (100 ids)"
[1] "fetching data for friends IDs in range [13801, 13900] (100 ids)"
[1] "fetching data for friends IDs in range [13901, 14000] (100 ids)"
[1] "fetching data for friends IDs in range [14001, 14100] (100 ids)"
[1] "fetching data for friends IDs in range [14101, 14200] (100 ids)"
[1] "fetching data for friends IDs in range [14201, 14300] (100 ids)"
[1] "fetching data for friends IDs in range [14301, 14400] (100 ids)"
[1] "fetching data for friends IDs in range [14401, 14500] (100 ids)"
[1] "fetching data for friends IDs in range [14501, 14600] (100 ids)"
[1] "fetching data for friends IDs in range [14601, 14700] (100 ids)"
[1] "fetching data for friends IDs in range [14701, 14800] (100 ids)"
[1] "fetching data for friends IDs in range [14801, 14900] (100 ids)"
[1] "fetching data for friends IDs in range [14901, 15000] (100 ids)"
[1] "fetching data for friends IDs in range [15001, 15100] (100 ids)"
[1] "fetching data for friends IDs in range [15101, 15200] (100 ids)"
[1] "fetching data for friends IDs in range [15201, 15300] (100 ids)"
[1] "fetching data for friends IDs in range [15301, 15400] (100 ids)"
[1] "fetching data for friends IDs in range [15401, 15500] (100 ids)"
[1] "fetching data for friends IDs in range [15501, 15600] (100 ids)"
[1] "fetching data for friends IDs in range [15601, 15700] (100 ids)"
[1] "fetching data for friends IDs in range [15701, 15800] (100 ids)"
[1] "fetching data for friends IDs in range [15801, 15900] (100 ids)"
[1] "fetching data for friends IDs in range [15901, 16000] (100 ids)"
[1] "fetching data for friends IDs in range [16001, 16100] (100 ids)"
[1] "fetching data for friends IDs in range [16101, 16200] (100 ids)"
[1] "fetching data for friends IDs in range [16201, 16300] (100 ids)"
[1] "fetching data for friends IDs in range [16301, 16400] (100 ids)"
[1] "fetching data for friends IDs in range [16401, 16500] (100 ids)"
[1] "fetching data for friends IDs in range [16501, 16600] (100 ids)"
[1] "fetching data for friends IDs in range [16601, 16700] (100 ids)"
[1] "fetching data for friends IDs in range [16701, 16800] (100 ids)"
[1] "fetching data for friends IDs in range [16801, 16900] (100 ids)"
[1] "fetching data for friends IDs in range [16901, 17000] (100 ids)"
[1] "fetching data for friends IDs in range [17001, 17100] (100 ids)"
[1] "fetching data for friends IDs in range [17101, 17200] (100 ids)"
[1] "fetching data for friends IDs in range [17201, 17300] (100 ids)"
[1] "fetching data for friends IDs in range [17301, 17400] (100 ids)"
[1] "fetching data for friends IDs in range [17401, 17500] (100 ids)"
[1] "fetching data for friends IDs in range [17501, 17600] (100 ids)"
[1] "fetching data for friends IDs in range [17601, 17700] (100 ids)"
[1] "fetching data for friends IDs in range [17701, 17800] (100 ids)"
[1] "fetching data for friends IDs in range [17801, 17900] (100 ids)"
[1] "fetching data for friends IDs in range [17901, 18000] (100 ids)"
[1] "fetching data for friends IDs in range [18001, 18100] (100 ids)"
[1] "fetching data for friends IDs in range [18101, 18200] (100 ids)"
[1] "fetching data for friends IDs in range [18201, 18300] (100 ids)"
[1] "fetching data for friends IDs in range [18301, 18400] (100 ids)"
[1] "fetching data for friends IDs in range [18401, 18500] (100 ids)"
[1] "fetching data for friends IDs in range [18501, 18600] (100 ids)"
[1] "fetching data for friends IDs in range [18601, 18700] (100 ids)"
[1] "fetching data for friends IDs in range [18701, 18800] (100 ids)"
[1] "fetching data for friends IDs in range [18801, 18900] (100 ids)"
[1] "fetching data for friends IDs in range [18901, 19000] (100 ids)"
[1] "fetching data for friends IDs in range [19001, 19100] (100 ids)"
[1] "fetching data for friends IDs in range [19101, 19200] (100 ids)"
[1] "fetching data for friends IDs in range [19201, 19300] (100 ids)"
[1] "fetching data for friends IDs in range [19301, 19400] (100 ids)"
[1] "fetching data for friends IDs in range [19401, 19500] (100 ids)"
[1] "fetching data for friends IDs in range [19501, 19600] (100 ids)"
[1] "fetching data for friends IDs in range [19601, 19700] (100 ids)"
[1] "fetching data for friends IDs in range [19701, 19800] (100 ids)"
[1] "fetching data for friends IDs in range [19801, 19900] (100 ids)"
[1] "fetching data for friends IDs in range [19901, 20000] (100 ids)"
[1] "fetching data for friends IDs in range [20001, 20100] (100 ids)"
[1] "fetching data for friends IDs in range [20101, 20200] (100 ids)"
[1] "fetching data for friends IDs in range [20201, 20300] (100 ids)"
[1] "fetching data for friends IDs in range [20301, 20400] (100 ids)"
[1] "fetching data for friends IDs in range [20401, 20500] (100 ids)"
[1] "fetching data for friends IDs in range [20501, 20600] (100 ids)"
[1] "fetching data for friends IDs in range [20601, 20700] (100 ids)"
[1] "fetching data for friends IDs in range [20701, 20800] (100 ids)"
[1] "fetching data for friends IDs in range [20801, 20900] (100 ids)"
[1] "fetching data for friends IDs in range [20901, 21000] (100 ids)"
[1] "fetching data for friends IDs in range [21001, 21100] (100 ids)"
[1] "fetching data for friends IDs in range [21101, 21200] (100 ids)"
[1] "fetching data for friends IDs in range [21201, 21300] (100 ids)"
[1] "fetching data for friends IDs in range [21301, 21400] (100 ids)"
[1] "fetching data for friends IDs in range [21401, 21500] (100 ids)"
[1] "fetching data for friends IDs in range [21501, 21600] (100 ids)"
[1] "fetching data for friends IDs in range [21601, 21700] (100 ids)"
[1] "fetching data for friends IDs in range [21701, 21800] (100 ids)"
[1] "fetching data for friends IDs in range [21801, 21900] (100 ids)"
[1] "fetching data for friends IDs in range [21901, 22000] (100 ids)"
[1] "fetching data for friends IDs in range [22001, 22100] (100 ids)"
[1] "fetching data for friends IDs in range [22101, 22200] (100 ids)"
[1] "fetching data for friends IDs in range [22201, 22300] (100 ids)"
[1] "fetching data for friends IDs in range [22301, 22400] (100 ids)"
[1] "fetching data for friends IDs in range [22401, 22500] (100 ids)"
[1] "fetching data for friends IDs in range [22501, 22600] (100 ids)"
[1] "fetching data for friends IDs in range [22601, 22700] (100 ids)"
[1] "fetching data for friends IDs in range [22701, 22800] (100 ids)"
[1] "fetching data for friends IDs in range [22801, 22900] (100 ids)"
[1] "fetching data for friends IDs in range [22901, 23000] (100 ids)"
[1] "fetching data for friends IDs in range [23001, 23100] (100 ids)"
[1] "fetching data for friends IDs in range [23101, 23200] (100 ids)"
[1] "fetching data for friends IDs in range [23201, 23300] (100 ids)"
[1] "fetching data for friends IDs in range [23301, 23400] (100 ids)"
[1] "fetching data for friends IDs in range [23401, 23500] (100 ids)"
[1] "fetching data for friends IDs in range [23501, 23600] (100 ids)"
[1] "fetching data for friends IDs in range [23601, 23700] (100 ids)"
[1] "fetching data for friends IDs in range [23701, 23800] (100 ids)"
[1] "fetching data for friends IDs in range [23801, 23900] (100 ids)"
[1] "fetching data for friends IDs in range [23901, 24000] (100 ids)"
[1] "fetching data for friends IDs in range [24001, 24100] (100 ids)"
[1] "fetching data for friends IDs in range [24101, 24200] (100 ids)"
[1] "fetching data for friends IDs in range [24201, 24300] (100 ids)"
[1] "fetching data for friends IDs in range [24301, 24400] (100 ids)"
[1] "fetching data for friends IDs in range [24401, 24500] (100 ids)"
[1] "fetching data for friends IDs in range [24501, 24600] (100 ids)"
[1] "fetching data for friends IDs in range [24601, 24700] (100 ids)"
[1] "fetching data for friends IDs in range [24701, 24800] (100 ids)"
[1] "fetching data for friends IDs in range [24801, 24900] (100 ids)"
[1] "fetching data for friends IDs in range [24901, 25000] (100 ids)"
[1] "fetching data for friends IDs in range [25001, 25100] (100 ids)"
[1] "fetching data for friends IDs in range [25101, 25200] (100 ids)"
[1] "fetching data for friends IDs in range [25201, 25300] (100 ids)"
[1] "fetching data for friends IDs in range [25301, 25400] (100 ids)"
[1] "fetching data for friends IDs in range [25401, 25500] (100 ids)"
[1] "fetching data for friends IDs in range [25501, 25600] (100 ids)"
[1] "fetching data for friends IDs in range [25601, 25700] (100 ids)"
[1] "fetching data for friends IDs in range [25701, 25800] (100 ids)"
[1] "fetching data for friends IDs in range [25801, 25900] (100 ids)"
[1] "fetching data for friends IDs in range [25901, 26000] (100 ids)"
[1] "fetching data for friends IDs in range [26001, 26100] (100 ids)"
[1] "fetching data for friends IDs in range [26101, 26200] (100 ids)"
[1] "fetching data for friends IDs in range [26201, 26300] (100 ids)"
[1] "fetching data for friends IDs in range [26301, 26400] (100 ids)"
[1] "fetching data for friends IDs in range [26401, 26500] (100 ids)"
[1] "fetching data for friends IDs in range [26501, 26600] (100 ids)"
[1] "fetching data for friends IDs in range [26601, 26700] (100 ids)"
[1] "fetching data for friends IDs in range [26701, 26800] (100 ids)"
[1] "fetching data for friends IDs in range [26801, 26900] (100 ids)"
[1] "fetching data for friends IDs in range [26901, 27000] (100 ids)"
[1] "fetching data for friends IDs in range [27001, 27100] (100 ids)"
[1] "fetching data for friends IDs in range [27101, 27200] (100 ids)"
[1] "fetching data for friends IDs in range [27201, 27300] (100 ids)"
[1] "fetching data for friends IDs in range [27301, 27400] (100 ids)"
[1] "fetching data for friends IDs in range [27401, 27500] (100 ids)"
[1] "fetching data for friends IDs in range [27501, 27600] (100 ids)"
[1] "fetching data for friends IDs in range [27601, 27700] (100 ids)"
[1] "fetching data for friends IDs in range [27701, 27800] (100 ids)"
[1] "fetching data for friends IDs in range [27801, 27900] (100 ids)"
[1] "fetching data for friends IDs in range [27901, 28000] (100 ids)"
[1] "waiting for 900 sec."
[1] "fetching data for friends IDs in range [28001, 28100] (100 ids)"
[1] "will advance with retry 1"
[1] "waiting for 900 sec."
[1] "fetching data for friends IDs in range [28001, 28100] (100 ids)"
[1] "will advance with retry 2"
[1] "waiting for 900 sec."
[1] "fetching data for friends IDs in range [28001, 28100] (100 ids)"
[1] "fetching data for friends IDs in range [28101, 28200] (100 ids)"
[1] "fetching data for friends IDs in range [28201, 28300] (100 ids)"
[1] "fetching data for friends IDs in range [28301, 28400] (100 ids)"
[1] "fetching data for friends IDs in range [28401, 28500] (100 ids)"
[1] "fetching data for friends IDs in range [28501, 28600] (100 ids)"
[1] "fetching data for friends IDs in range [28601, 28700] (100 ids)"
[1] "fetching data for friends IDs in range [28701, 28800] (100 ids)"
[1] "fetching data for friends IDs in range [28801, 28900] (100 ids)"
[1] "fetching data for friends IDs in range [28901, 29000] (100 ids)"
[1] "fetching data for friends IDs in range [29001, 29100] (100 ids)"
[1] "fetching data for friends IDs in range [29101, 29200] (100 ids)"
[1] "fetching data for friends IDs in range [29201, 29300] (100 ids)"
[1] "fetching data for friends IDs in range [29301, 29400] (100 ids)"
[1] "fetching data for friends IDs in range [29401, 29500] (100 ids)"
[1] "fetching data for friends IDs in range [29501, 29600] (100 ids)"
[1] "fetching data for friends IDs in range [29601, 29700] (100 ids)"
[1] "fetching data for friends IDs in range [29701, 29800] (100 ids)"
[1] "fetching data for friends IDs in range [29801, 29900] (100 ids)"
[1] "fetching data for friends IDs in range [29901, 30000] (100 ids)"
[1] "fetching data for friends IDs in range [30001, 30100] (100 ids)"
[1] "fetching data for friends IDs in range [30101, 30200] (100 ids)"
[1] "fetching data for friends IDs in range [30201, 30300] (100 ids)"
[1] "fetching data for friends IDs in range [30301, 30400] (100 ids)"
[1] "fetching data for friends IDs in range [30401, 30500] (100 ids)"
[1] "fetching data for friends IDs in range [30501, 30600] (100 ids)"
[1] "fetching data for friends IDs in range [30601, 30700] (100 ids)"
[1] "fetching data for friends IDs in range [30701, 30800] (100 ids)"
[1] "fetching data for friends IDs in range [30801, 30900] (100 ids)"
[1] "fetching data for friends IDs in range [30901, 31000] (100 ids)"
[1] "fetching data for friends IDs in range [31001, 31100] (100 ids)"
[1] "fetching data for friends IDs in range [31101, 31200] (100 ids)"
[1] "fetching data for friends IDs in range [31201, 31300] (100 ids)"
[1] "fetching data for friends IDs in range [31301, 31400] (100 ids)"
[1] "fetching data for friends IDs in range [31401, 31500] (100 ids)"
[1] "fetching data for friends IDs in range [31501, 31600] (100 ids)"
[1] "fetching data for friends IDs in range [31601, 31700] (100 ids)"
[1] "fetching data for friends IDs in range [31701, 31800] (100 ids)"
[1] "fetching data for friends IDs in range [31801, 31900] (100 ids)"
[1] "fetching data for friends IDs in range [31901, 32000] (100 ids)"
[1] "fetching data for friends IDs in range [32001, 32100] (100 ids)"
[1] "fetching data for friends IDs in range [32101, 32200] (100 ids)"
[1] "fetching data for friends IDs in range [32201, 32300] (100 ids)"
[1] "fetching data for friends IDs in range [32301, 32400] (100 ids)"
[1] "fetching data for friends IDs in range [32401, 32500] (100 ids)"
[1] "fetching data for friends IDs in range [32501, 32600] (100 ids)"
[1] "fetching data for friends IDs in range [32601, 32700] (100 ids)"
[1] "fetching data for friends IDs in range [32701, 32800] (100 ids)"
[1] "fetching data for friends IDs in range [32801, 32900] (100 ids)"
[1] "fetching data for friends IDs in range [32901, 33000] (100 ids)"
[1] "fetching data for friends IDs in range [33001, 33100] (100 ids)"
[1] "fetching data for friends IDs in range [33101, 33200] (100 ids)"
[1] "fetching data for friends IDs in range [33201, 33300] (100 ids)"
[1] "fetching data for friends IDs in range [33301, 33400] (100 ids)"
[1] "fetching data for friends IDs in range [33401, 33500] (100 ids)"
[1] "fetching data for friends IDs in range [33501, 33600] (100 ids)"
[1] "fetching data for friends IDs in range [33601, 33700] (100 ids)"
[1] "fetching data for friends IDs in range [33701, 33800] (100 ids)"
[1] "fetching data for friends IDs in range [33801, 33900] (100 ids)"
[1] "fetching data for friends IDs in range [33901, 34000] (100 ids)"
[1] "fetching data for friends IDs in range [34001, 34100] (100 ids)"
[1] "fetching data for friends IDs in range [34101, 34200] (100 ids)"
[1] "fetching data for friends IDs in range [34201, 34300] (100 ids)"
[1] "fetching data for friends IDs in range [34301, 34400] (100 ids)"
[1] "fetching data for friends IDs in range [34401, 34500] (100 ids)"
[1] "fetching data for friends IDs in range [34501, 34600] (100 ids)"
[1] "fetching data for friends IDs in range [34601, 34700] (100 ids)"
[1] "fetching data for friends IDs in range [34701, 34800] (100 ids)"
[1] "fetching data for friends IDs in range [34801, 34900] (100 ids)"
[1] "fetching data for friends IDs in range [34901, 35000] (100 ids)"
[1] "fetching data for friends IDs in range [35001, 35100] (100 ids)"
[1] "fetching data for friends IDs in range [35101, 35200] (100 ids)"
[1] "fetching data for friends IDs in range [35201, 35300] (100 ids)"
[1] "fetching data for friends IDs in range [35301, 35400] (100 ids)"
[1] "fetching data for friends IDs in range [35401, 35500] (100 ids)"
[1] "fetching data for friends IDs in range [35501, 35600] (100 ids)"
[1] "fetching data for friends IDs in range [35601, 35700] (100 ids)"
[1] "fetching data for friends IDs in range [35701, 35800] (100 ids)"
[1] "fetching data for friends IDs in range [35801, 35900] (100 ids)"
[1] "fetching data for friends IDs in range [35901, 36000] (100 ids)"
[1] "fetching data for friends IDs in range [36001, 36100] (100 ids)"
[1] "fetching data for friends IDs in range [36101, 36200] (100 ids)"
[1] "fetching data for friends IDs in range [36201, 36300] (100 ids)"
[1] "fetching data for friends IDs in range [36301, 36400] (100 ids)"
[1] "fetching data for friends IDs in range [36401, 36500] (100 ids)"
[1] "fetching data for friends IDs in range [36501, 36600] (100 ids)"
[1] "fetching data for friends IDs in range [36601, 36700] (100 ids)"
[1] "fetching data for friends IDs in range [36701, 36800] (100 ids)"
[1] "fetching data for friends IDs in range [36801, 36900] (100 ids)"
[1] "fetching data for friends IDs in range [36901, 37000] (100 ids)"
[1] "fetching data for friends IDs in range [37001, 37100] (100 ids)"
[1] "fetching data for friends IDs in range [37101, 37200] (100 ids)"
[1] "fetching data for friends IDs in range [37201, 37300] (100 ids)"
[1] "fetching data for friends IDs in range [37301, 37400] (100 ids)"
[1] "fetching data for friends IDs in range [37401, 37500] (100 ids)"
[1] "fetching data for friends IDs in range [37501, 37600] (100 ids)"
[1] "fetching data for friends IDs in range [37601, 37700] (100 ids)"
[1] "fetching data for friends IDs in range [37701, 37800] (100 ids)"
[1] "fetching data for friends IDs in range [37801, 37900] (100 ids)"
[1] "fetching data for friends IDs in range [37901, 38000] (100 ids)"
[1] "fetching data for friends IDs in range [38001, 38100] (100 ids)"
[1] "fetching data for friends IDs in range [38101, 38200] (100 ids)"
[1] "fetching data for friends IDs in range [38201, 38300] (100 ids)"
[1] "fetching data for friends IDs in range [38301, 38400] (100 ids)"
[1] "fetching data for friends IDs in range [38401, 38500] (100 ids)"
[1] "fetching data for friends IDs in range [38501, 38600] (100 ids)"
[1] "fetching data for friends IDs in range [38601, 38700] (100 ids)"
[1] "fetching data for friends IDs in range [38701, 38800] (100 ids)"
[1] "fetching data for friends IDs in range [38801, 38900] (100 ids)"
[1] "fetching data for friends IDs in range [38901, 39000] (100 ids)"
[1] "fetching data for friends IDs in range [39001, 39100] (100 ids)"
[1] "fetching data for friends IDs in range [39101, 39200] (100 ids)"
[1] "fetching data for friends IDs in range [39201, 39300] (100 ids)"
[1] "fetching data for friends IDs in range [39301, 39400] (100 ids)"
[1] "fetching data for friends IDs in range [39401, 39500] (100 ids)"
[1] "fetching data for friends IDs in range [39501, 39600] (100 ids)"
[1] "fetching data for friends IDs in range [39601, 39700] (100 ids)"
[1] "fetching data for friends IDs in range [39701, 39800] (100 ids)"
[1] "fetching data for friends IDs in range [39801, 39900] (100 ids)"
[1] "fetching data for friends IDs in range [39901, 40000] (100 ids)"
[1] "fetching data for friends IDs in range [40001, 40100] (100 ids)"
[1] "fetching data for friends IDs in range [40101, 40200] (100 ids)"
[1] "fetching data for friends IDs in range [40201, 40300] (100 ids)"
[1] "fetching data for friends IDs in range [40301, 40400] (100 ids)"
[1] "fetching data for friends IDs in range [40401, 40500] (100 ids)"
[1] "fetching data for friends IDs in range [40501, 40600] (100 ids)"
[1] "fetching data for friends IDs in range [40601, 40700] (100 ids)"
[1] "fetching data for friends IDs in range [40701, 40800] (100 ids)"
[1] "fetching data for friends IDs in range [40801, 40900] (100 ids)"
[1] "fetching data for friends IDs in range [40901, 41000] (100 ids)"
[1] "fetching data for friends IDs in range [41001, 41100] (100 ids)"
[1] "fetching data for friends IDs in range [41101, 41200] (100 ids)"
[1] "fetching data for friends IDs in range [41201, 41300] (100 ids)"
[1] "fetching data for friends IDs in range [41301, 41400] (100 ids)"
[1] "fetching data for friends IDs in range [41401, 41500] (100 ids)"
[1] "fetching data for friends IDs in range [41501, 41600] (100 ids)"
[1] "fetching data for friends IDs in range [41601, 41700] (100 ids)"
[1] "fetching data for friends IDs in range [41701, 41800] (100 ids)"
[1] "fetching data for friends IDs in range [41801, 41900] (100 ids)"
[1] "fetching data for friends IDs in range [41901, 42000] (100 ids)"
[1] "fetching data for friends IDs in range [42001, 42100] (100 ids)"
[1] "fetching data for friends IDs in range [42101, 42200] (100 ids)"
[1] "fetching data for friends IDs in range [42201, 42300] (100 ids)"
[1] "fetching data for friends IDs in range [42301, 42400] (100 ids)"
[1] "fetching data for friends IDs in range [42401, 42500] (100 ids)"
[1] "fetching data for friends IDs in range [42501, 42600] (100 ids)"
[1] "fetching data for friends IDs in range [42601, 42700] (100 ids)"
[1] "fetching data for friends IDs in range [42701, 42800] (100 ids)"
[1] "fetching data for friends IDs in range [42801, 42900] (100 ids)"
[1] "fetching data for friends IDs in range [42901, 43000] (100 ids)"
[1] "fetching data for friends IDs in range [43001, 43100] (100 ids)"
[1] "fetching data for friends IDs in range [43101, 43200] (100 ids)"
[1] "fetching data for friends IDs in range [43201, 43300] (100 ids)"
[1] "fetching data for friends IDs in range [43301, 43400] (100 ids)"
[1] "fetching data for friends IDs in range [43401, 43500] (100 ids)"
[1] "fetching data for friends IDs in range [43501, 43600] (100 ids)"
[1] "fetching data for friends IDs in range [43601, 43700] (100 ids)"
[1] "fetching data for friends IDs in range [43701, 43800] (100 ids)"
[1] "fetching data for friends IDs in range [43801, 43900] (100 ids)"
[1] "fetching data for friends IDs in range [43901, 44000] (100 ids)"
[1] "fetching data for friends IDs in range [44001, 44100] (100 ids)"
[1] "fetching data for friends IDs in range [44101, 44200] (100 ids)"
[1] "fetching data for friends IDs in range [44201, 44300] (100 ids)"
[1] "fetching data for friends IDs in range [44301, 44400] (100 ids)"
[1] "fetching data for friends IDs in range [44401, 44500] (100 ids)"
[1] "fetching data for friends IDs in range [44501, 44600] (100 ids)"
[1] "fetching data for friends IDs in range [44601, 44700] (100 ids)"
[1] "fetching data for friends IDs in range [44701, 44800] (100 ids)"
[1] "fetching data for friends IDs in range [44801, 44900] (100 ids)"
[1] "fetching data for friends IDs in range [44901, 45000] (100 ids)"
[1] "fetching data for friends IDs in range [45001, 45100] (100 ids)"
[1] "fetching data for friends IDs in range [45101, 45200] (100 ids)"
[1] "fetching data for friends IDs in range [45201, 45300] (100 ids)"
[1] "fetching data for friends IDs in range [45301, 45400] (100 ids)"
[1] "fetching data for friends IDs in range [45401, 45500] (100 ids)"
[1] "fetching data for friends IDs in range [45501, 45600] (100 ids)"
[1] "fetching data for friends IDs in range [45601, 45700] (100 ids)"
[1] "fetching data for friends IDs in range [45701, 45800] (100 ids)"
[1] "fetching data for friends IDs in range [45801, 45900] (100 ids)"
[1] "fetching data for friends IDs in range [45901, 46000] (100 ids)"
[1] "fetching data for friends IDs in range [46001, 46100] (100 ids)"
[1] "fetching data for friends IDs in range [46101, 46200] (100 ids)"
[1] "fetching data for friends IDs in range [46201, 46300] (100 ids)"
[1] "fetching data for friends IDs in range [46301, 46400] (100 ids)"
[1] "fetching data for friends IDs in range [46401, 46500] (100 ids)"
[1] "fetching data for friends IDs in range [46501, 46600] (100 ids)"
[1] "fetching data for friends IDs in range [46601, 46700] (100 ids)"
[1] "fetching data for friends IDs in range [46701, 46800] (100 ids)"
[1] "fetching data for friends IDs in range [46801, 46900] (100 ids)"
[1] "fetching data for friends IDs in range [46901, 47000] (100 ids)"
[1] "fetching data for friends IDs in range [47001, 47100] (100 ids)"
[1] "fetching data for friends IDs in range [47101, 47200] (100 ids)"
[1] "fetching data for friends IDs in range [47201, 47300] (100 ids)"
[1] "fetching data for friends IDs in range [47301, 47400] (100 ids)"
[1] "fetching data for friends IDs in range [47401, 47500] (100 ids)"
[1] "fetching data for friends IDs in range [47501, 47600] (100 ids)"
[1] "fetching data for friends IDs in range [47601, 47700] (100 ids)"
[1] "fetching data for friends IDs in range [47701, 47800] (100 ids)"
[1] "fetching data for friends IDs in range [47801, 47900] (100 ids)"
[1] "fetching data for friends IDs in range [47901, 48000] (100 ids)"
[1] "fetching data for friends IDs in range [48001, 48100] (100 ids)"
[1] "fetching data for friends IDs in range [48101, 48200] (100 ids)"
[1] "fetching data for friends IDs in range [48201, 48300] (100 ids)"
[1] "fetching data for friends IDs in range [48301, 48400] (100 ids)"
[1] "fetching data for friends IDs in range [48401, 48500] (100 ids)"
[1] "fetching data for friends IDs in range [48501, 48600] (100 ids)"
[1] "fetching data for friends IDs in range [48601, 48700] (100 ids)"
[1] "fetching data for friends IDs in range [48701, 48800] (100 ids)"
[1] "fetching data for friends IDs in range [48801, 48900] (100 ids)"
[1] "fetching data for friends IDs in range [48901, 49000] (100 ids)"
[1] "fetching data for friends IDs in range [49001, 49100] (100 ids)"
[1] "fetching data for friends IDs in range [49101, 49200] (100 ids)"
[1] "fetching data for friends IDs in range [49201, 49300] (100 ids)"
[1] "fetching data for friends IDs in range [49301, 49400] (100 ids)"
[1] "fetching data for friends IDs in range [49401, 49500] (100 ids)"
[1] "fetching data for friends IDs in range [49501, 49600] (100 ids)"
[1] "fetching data for friends IDs in range [49601, 49700] (100 ids)"
[1] "fetching data for friends IDs in range [49701, 49800] (100 ids)"
[1] "fetching data for friends IDs in range [49801, 49900] (100 ids)"
[1] "fetching data for friends IDs in range [49901, 50000] (100 ids)"
[1] "fetching data for friends IDs in range [50001, 50100] (100 ids)"
[1] "fetching data for friends IDs in range [50101, 50200] (100 ids)"
[1] "fetching data for friends IDs in range [50201, 50300] (100 ids)"
[1] "fetching data for friends IDs in range [50301, 50400] (100 ids)"
[1] "fetching data for friends IDs in range [50401, 50500] (100 ids)"
[1] "fetching data for friends IDs in range [50501, 50600] (100 ids)"
[1] "fetching data for friends IDs in range [50601, 50700] (100 ids)"
[1] "fetching data for friends IDs in range [50701, 50800] (100 ids)"
[1] "fetching data for friends IDs in range [50801, 50900] (100 ids)"
[1] "fetching data for friends IDs in range [50901, 51000] (100 ids)"
[1] "fetching data for friends IDs in range [51001, 51100] (100 ids)"
[1] "fetching data for friends IDs in range [51101, 51200] (100 ids)"
[1] "fetching data for friends IDs in range [51201, 51300] (100 ids)"
[1] "fetching data for friends IDs in range [51301, 51400] (100 ids)"
[1] "fetching data for friends IDs in range [51401, 51500] (100 ids)"
[1] "fetching data for friends IDs in range [51501, 51600] (100 ids)"
[1] "fetching data for friends IDs in range [51601, 51700] (100 ids)"
[1] "fetching data for friends IDs in range [51701, 51800] (100 ids)"
[1] "fetching data for friends IDs in range [51801, 51900] (100 ids)"
[1] "fetching data for friends IDs in range [51901, 52000] (100 ids)"
[1] "fetching data for friends IDs in range [52001, 52100] (100 ids)"
[1] "fetching data for friends IDs in range [52101, 52200] (100 ids)"
[1] "fetching data for friends IDs in range [52201, 52300] (100 ids)"
[1] "fetching data for friends IDs in range [52301, 52400] (100 ids)"
[1] "fetching data for friends IDs in range [52401, 52500] (100 ids)"
[1] "fetching data for friends IDs in range [52501, 52600] (100 ids)"
[1] "fetching data for friends IDs in range [52601, 52700] (100 ids)"
[1] "fetching data for friends IDs in range [52701, 52800] (100 ids)"
[1] "fetching data for friends IDs in range [52801, 52900] (100 ids)"
[1] "fetching data for friends IDs in range [52901, 53000] (100 ids)"
[1] "fetching data for friends IDs in range [53001, 53100] (100 ids)"
[1] "fetching data for friends IDs in range [53101, 53200] (100 ids)"
[1] "fetching data for friends IDs in range [53201, 53300] (100 ids)"
[1] "fetching data for friends IDs in range [53301, 53400] (100 ids)"
[1] "fetching data for friends IDs in range [53401, 53500] (100 ids)"
[1] "fetching data for friends IDs in range [53501, 53600] (100 ids)"
[1] "fetching data for friends IDs in range [53601, 53700] (100 ids)"
[1] "fetching data for friends IDs in range [53701, 53800] (100 ids)"
[1] "fetching data for friends IDs in range [53801, 53900] (100 ids)"
[1] "fetching data for friends IDs in range [53901, 54000] (100 ids)"
[1] "fetching data for friends IDs in range [54001, 54100] (100 ids)"
[1] "fetching data for friends IDs in range [54101, 54200] (100 ids)"
[1] "fetching data for friends IDs in range [54201, 54300] (100 ids)"
[1] "fetching data for friends IDs in range [54301, 54400] (100 ids)"
[1] "fetching data for friends IDs in range [54401, 54500] (100 ids)"
[1] "fetching data for friends IDs in range [54501, 54600] (100 ids)"
[1] "fetching data for friends IDs in range [54601, 54700] (100 ids)"
[1] "fetching data for friends IDs in range [54701, 54800] (100 ids)"
[1] "fetching data for friends IDs in range [54801, 54900] (100 ids)"
[1] "fetching data for friends IDs in range [54901, 55000] (100 ids)"
[1] "fetching data for friends IDs in range [55001, 55100] (100 ids)"
[1] "fetching data for friends IDs in range [55101, 55200] (100 ids)"
[1] "fetching data for friends IDs in range [55201, 55300] (100 ids)"
[1] "fetching data for friends IDs in range [55301, 55400] (100 ids)"
[1] "fetching data for friends IDs in range [55401, 55500] (100 ids)"
[1] "fetching data for friends IDs in range [55501, 55600] (100 ids)"
[1] "fetching data for friends IDs in range [55601, 55700] (100 ids)"
[1] "fetching data for friends IDs in range [55701, 55800] (100 ids)"
[1] "waiting for 900 sec."
[1] "fetching data for friends IDs in range [55801, 55900] (100 ids)"
[1] "will advance with retry 1"
[1] "waiting for 900 sec."
[1] "fetching data for friends IDs in range [55801, 55900] (100 ids)"
[1] "will advance with retry 2"
[1] "waiting for 900 sec."
[1] "fetching data for friends IDs in range [55801, 55900] (100 ids)"
[1] "fetching data for friends IDs in range [55901, 56000] (100 ids)"
[1] "fetching data for friends IDs in range [56001, 56100] (100 ids)"
[1] "fetching data for friends IDs in range [56101, 56200] (100 ids)"
[1] "fetching data for friends IDs in range [56201, 56300] (100 ids)"
[1] "fetching data for friends IDs in range [56301, 56400] (100 ids)"
[1] "fetching data for friends IDs in range [56401, 56500] (100 ids)"
[1] "fetching data for friends IDs in range [56501, 56600] (100 ids)"
[1] "fetching data for friends IDs in range [56601, 56700] (100 ids)"
[1] "fetching data for friends IDs in range [56701, 56800] (100 ids)"
[1] "fetching data for friends IDs in range [56801, 56900] (100 ids)"
[1] "fetching data for friends IDs in range [56901, 57000] (100 ids)"
[1] "fetching data for friends IDs in range [57001, 57100] (100 ids)"
[1] "fetching data for friends IDs in range [57101, 57200] (100 ids)"
[1] "fetching data for friends IDs in range [57201, 57300] (100 ids)"
[1] "fetching data for friends IDs in range [57301, 57400] (100 ids)"
[1] "fetching data for friends IDs in range [57401, 57500] (100 ids)"
[1] "fetching data for friends IDs in range [57501, 57600] (100 ids)"
[1] "fetching data for friends IDs in range [57601, 57700] (100 ids)"
[1] "fetching data for friends IDs in range [57701, 57800] (100 ids)"
[1] "fetching data for friends IDs in range [57801, 57900] (100 ids)"
[1] "fetching data for friends IDs in range [57901, 58000] (100 ids)"
[1] "fetching data for friends IDs in range [58001, 58100] (100 ids)"
[1] "fetching data for friends IDs in range [58101, 58200] (100 ids)"
[1] "fetching data for friends IDs in range [58201, 58300] (100 ids)"
[1] "fetching data for friends IDs in range [58301, 58400] (100 ids)"
[1] "fetching data for friends IDs in range [58401, 58500] (100 ids)"
[1] "fetching data for friends IDs in range [58501, 58600] (100 ids)"
[1] "fetching data for friends IDs in range [58601, 58700] (100 ids)"
[1] "fetching data for friends IDs in range [58701, 58800] (100 ids)"
[1] "fetching data for friends IDs in range [58801, 58900] (100 ids)"
[1] "fetching data for friends IDs in range [58901, 59000] (100 ids)"
[1] "fetching data for friends IDs in range [59001, 59100] (100 ids)"
[1] "fetching data for friends IDs in range [59101, 59200] (100 ids)"
[1] "fetching data for friends IDs in range [59201, 59300] (100 ids)"
[1] "fetching data for friends IDs in range [59301, 59400] (100 ids)"
[1] "fetching data for friends IDs in range [59401, 59500] (100 ids)"
[1] "fetching data for friends IDs in range [59501, 59600] (100 ids)"
[1] "fetching data for friends IDs in range [59601, 59700] (100 ids)"
[1] "fetching data for friends IDs in range [59701, 59800] (100 ids)"
[1] "fetching data for friends IDs in range [59801, 59900] (100 ids)"
[1] "fetching data for friends IDs in range [59901, 60000] (100 ids)"
[1] "fetching data for friends IDs in range [60001, 60100] (100 ids)"
[1] "fetching data for friends IDs in range [60101, 60200] (100 ids)"
[1] "fetching data for friends IDs in range [60201, 60300] (100 ids)"
[1] "fetching data for friends IDs in range [60301, 60400] (100 ids)"
[1] "fetching data for friends IDs in range [60401, 60500] (100 ids)"
[1] "fetching data for friends IDs in range [60501, 60600] (100 ids)"
[1] "fetching data for friends IDs in range [60601, 60700] (100 ids)"
[1] "fetching data for friends IDs in range [60701, 60800] (100 ids)"
[1] "fetching data for friends IDs in range [60801, 60900] (100 ids)"
[1] "fetching data for friends IDs in range [60901, 61000] (100 ids)"
[1] "fetching data for friends IDs in range [61001, 61100] (100 ids)"
[1] "fetching data for friends IDs in range [61101, 61200] (100 ids)"
[1] "fetching data for friends IDs in range [61201, 61300] (100 ids)"
[1] "fetching data for friends IDs in range [61301, 61400] (100 ids)"
[1] "fetching data for friends IDs in range [61401, 61500] (100 ids)"
[1] "fetching data for friends IDs in range [61501, 61600] (100 ids)"
[1] "fetching data for friends IDs in range [61601, 61700] (100 ids)"
[1] "fetching data for friends IDs in range [61701, 61800] (100 ids)"
[1] "fetching data for friends IDs in range [61801, 61900] (100 ids)"
[1] "fetching data for friends IDs in range [61901, 62000] (100 ids)"
[1] "fetching data for friends IDs in range [62001, 62100] (100 ids)"
[1] "fetching data for friends IDs in range [62101, 62200] (100 ids)"
[1] "fetching data for friends IDs in range [62201, 62300] (100 ids)"
[1] "fetching data for friends IDs in range [62301, 62400] (100 ids)"
[1] "fetching data for friends IDs in range [62401, 62500] (100 ids)"
[1] "fetching data for friends IDs in range [62501, 62600] (100 ids)"
[1] "fetching data for friends IDs in range [62601, 62700] (100 ids)"
[1] "fetching data for friends IDs in range [62701, 62800] (100 ids)"
[1] "fetching data for friends IDs in range [62801, 62900] (100 ids)"
[1] "fetching data for friends IDs in range [62901, 63000] (100 ids)"
[1] "fetching data for friends IDs in range [63001, 63100] (100 ids)"
[1] "fetching data for friends IDs in range [63101, 63200] (100 ids)"
[1] "fetching data for friends IDs in range [63201, 63300] (100 ids)"
[1] "fetching data for friends IDs in range [63301, 63400] (100 ids)"
[1] "fetching data for friends IDs in range [63401, 63500] (100 ids)"
[1] "fetching data for friends IDs in range [63501, 63600] (100 ids)"
[1] "fetching data for friends IDs in range [63601, 63700] (100 ids)"
[1] "fetching data for friends IDs in range [63701, 63800] (100 ids)"
[1] "fetching data for friends IDs in range [63801, 63900] (100 ids)"
[1] "fetching data for friends IDs in range [63901, 64000] (100 ids)"
[1] "fetching data for friends IDs in range [64001, 64100] (100 ids)"
[1] "fetching data for friends IDs in range [64101, 64200] (100 ids)"
[1] "fetching data for friends IDs in range [64201, 64300] (100 ids)"
[1] "fetching data for friends IDs in range [64301, 64400] (100 ids)"
[1] "fetching data for friends IDs in range [64401, 64500] (100 ids)"
[1] "fetching data for friends IDs in range [64501, 64600] (100 ids)"
[1] "fetching data for friends IDs in range [64601, 64700] (100 ids)"
[1] "fetching data for friends IDs in range [64701, 64800] (100 ids)"
[1] "fetching data for friends IDs in range [64801, 64900] (100 ids)"
[1] "fetching data for friends IDs in range [64901, 65000] (100 ids)"
[1] "fetching data for friends IDs in range [65001, 65100] (100 ids)"
[1] "fetching data for friends IDs in range [65101, 65200] (100 ids)"
[1] "fetching data for friends IDs in range [65201, 65300] (100 ids)"
[1] "fetching data for friends IDs in range [65301, 65400] (100 ids)"
[1] "fetching data for friends IDs in range [65401, 65500] (100 ids)"
[1] "fetching data for friends IDs in range [65501, 65600] (100 ids)"
[1] "fetching data for friends IDs in range [65601, 65700] (100 ids)"
[1] "fetching data for friends IDs in range [65701, 65800] (100 ids)"
[1] "fetching data for friends IDs in range [65801, 65900] (100 ids)"
[1] "fetching data for friends IDs in range [65901, 66000] (100 ids)"
[1] "fetching data for friends IDs in range [66001, 66100] (100 ids)"
[1] "fetching data for friends IDs in range [66101, 66200] (100 ids)"
[1] "fetching data for friends IDs in range [66201, 66300] (100 ids)"
[1] "fetching data for friends IDs in range [66301, 66400] (100 ids)"
[1] "fetching data for friends IDs in range [66401, 66500] (100 ids)"
[1] "fetching data for friends IDs in range [66501, 66600] (100 ids)"
[1] "fetching data for friends IDs in range [66601, 66700] (100 ids)"
[1] "fetching data for friends IDs in range [66701, 66800] (100 ids)"
[1] "fetching data for friends IDs in range [66801, 66900] (100 ids)"
[1] "fetching data for friends IDs in range [66901, 67000] (100 ids)"
[1] "fetching data for friends IDs in range [67001, 67100] (100 ids)"
[1] "fetching data for friends IDs in range [67101, 67200] (100 ids)"
[1] "fetching data for friends IDs in range [67201, 67300] (100 ids)"
[1] "fetching data for friends IDs in range [67301, 67400] (100 ids)"
[1] "fetching data for friends IDs in range [67401, 67500] (100 ids)"
[1] "fetching data for friends IDs in range [67501, 67600] (100 ids)"
[1] "fetching data for friends IDs in range [67601, 67700] (100 ids)"
[1] "fetching data for friends IDs in range [67701, 67800] (100 ids)"
[1] "fetching data for friends IDs in range [67801, 67900] (100 ids)"
[1] "fetching data for friends IDs in range [67901, 68000] (100 ids)"
[1] "fetching data for friends IDs in range [68001, 68100] (100 ids)"
[1] "fetching data for friends IDs in range [68101, 68200] (100 ids)"
[1] "fetching data for friends IDs in range [68201, 68300] (100 ids)"
[1] "fetching data for friends IDs in range [68301, 68400] (100 ids)"
[1] "fetching data for friends IDs in range [68401, 68500] (100 ids)"
[1] "fetching data for friends IDs in range [68501, 68600] (100 ids)"
[1] "fetching data for friends IDs in range [68601, 68700] (100 ids)"
[1] "fetching data for friends IDs in range [68701, 68800] (100 ids)"
[1] "fetching data for friends IDs in range [68801, 68900] (100 ids)"
[1] "fetching data for friends IDs in range [68901, 69000] (100 ids)"
[1] "fetching data for friends IDs in range [69001, 69100] (100 ids)"
[1] "fetching data for friends IDs in range [69101, 69200] (100 ids)"
[1] "fetching data for friends IDs in range [69201, 69300] (100 ids)"
[1] "fetching data for friends IDs in range [69301, 69400] (100 ids)"
[1] "fetching data for friends IDs in range [69401, 69500] (100 ids)"
[1] "fetching data for friends IDs in range [69501, 69600] (100 ids)"
[1] "fetching data for friends IDs in range [69601, 69700] (100 ids)"
[1] "fetching data for friends IDs in range [69701, 69800] (100 ids)"
[1] "fetching data for friends IDs in range [69801, 69900] (100 ids)"
[1] "fetching data for friends IDs in range [69901, 70000] (100 ids)"
[1] "fetching data for friends IDs in range [70001, 70100] (100 ids)"
[1] "fetching data for friends IDs in range [70101, 70200] (100 ids)"
[1] "fetching data for friends IDs in range [70201, 70300] (100 ids)"
[1] "fetching data for friends IDs in range [70301, 70400] (100 ids)"
[1] "fetching data for friends IDs in range [70401, 70500] (100 ids)"
[1] "fetching data for friends IDs in range [70501, 70600] (100 ids)"
[1] "fetching data for friends IDs in range [70601, 70700] (100 ids)"
[1] "fetching data for friends IDs in range [70701, 70800] (100 ids)"
[1] "fetching data for friends IDs in range [70801, 70900] (100 ids)"
[1] "fetching data for friends IDs in range [70901, 71000] (100 ids)"
[1] "fetching data for friends IDs in range [71001, 71100] (100 ids)"
[1] "fetching data for friends IDs in range [71101, 71200] (100 ids)"
[1] "fetching data for friends IDs in range [71201, 71300] (100 ids)"
[1] "fetching data for friends IDs in range [71301, 71400] (100 ids)"
[1] "fetching data for friends IDs in range [71401, 71500] (100 ids)"
[1] "fetching data for friends IDs in range [71501, 71600] (100 ids)"
[1] "fetching data for friends IDs in range [71601, 71700] (100 ids)"
[1] "fetching data for friends IDs in range [71701, 71800] (100 ids)"
[1] "fetching data for friends IDs in range [71801, 71900] (100 ids)"
[1] "fetching data for friends IDs in range [71901, 72000] (100 ids)"
[1] "fetching data for friends IDs in range [72001, 72100] (100 ids)"
[1] "fetching data for friends IDs in range [72101, 72200] (100 ids)"
[1] "fetching data for friends IDs in range [72201, 72300] (100 ids)"
[1] "fetching data for friends IDs in range [72301, 72400] (100 ids)"
[1] "fetching data for friends IDs in range [72401, 72500] (100 ids)"
[1] "fetching data for friends IDs in range [72501, 72600] (100 ids)"
[1] "fetching data for friends IDs in range [72601, 72700] (100 ids)"
[1] "fetching data for friends IDs in range [72701, 72800] (100 ids)"
[1] "fetching data for friends IDs in range [72801, 72900] (100 ids)"
[1] "fetching data for friends IDs in range [72901, 73000] (100 ids)"
[1] "fetching data for friends IDs in range [73001, 73100] (100 ids)"
[1] "fetching data for friends IDs in range [73101, 73200] (100 ids)"
[1] "fetching data for friends IDs in range [73201, 73300] (100 ids)"
[1] "fetching data for friends IDs in range [73301, 73400] (100 ids)"
[1] "fetching data for friends IDs in range [73401, 73500] (100 ids)"
[1] "fetching data for friends IDs in range [73501, 73600] (100 ids)"
[1] "fetching data for friends IDs in range [73601, 73700] (100 ids)"
[1] "fetching data for friends IDs in range [73701, 73800] (100 ids)"
[1] "fetching data for friends IDs in range [73801, 73900] (100 ids)"
[1] "fetching data for friends IDs in range [73901, 74000] (100 ids)"
[1] "fetching data for friends IDs in range [74001, 74100] (100 ids)"
[1] "fetching data for friends IDs in range [74101, 74200] (100 ids)"
[1] "fetching data for friends IDs in range [74201, 74300] (100 ids)"
[1] "fetching data for friends IDs in range [74301, 74400] (100 ids)"
[1] "fetching data for friends IDs in range [74401, 74500] (100 ids)"
[1] "fetching data for friends IDs in range [74501, 74600] (100 ids)"
[1] "fetching data for friends IDs in range [74601, 74700] (100 ids)"
[1] "fetching data for friends IDs in range [74701, 74800] (100 ids)"
[1] "fetching data for friends IDs in range [74801, 74900] (100 ids)"
[1] "fetching data for friends IDs in range [74901, 75000] (100 ids)"
[1] "fetching data for friends IDs in range [75001, 75100] (100 ids)"
[1] "fetching data for friends IDs in range [75101, 75200] (100 ids)"
[1] "fetching data for friends IDs in range [75201, 75300] (100 ids)"
[1] "fetching data for friends IDs in range [75301, 75400] (100 ids)"
[1] "fetching data for friends IDs in range [75401, 75500] (100 ids)"
[1] "fetching data for friends IDs in range [75501, 75600] (100 ids)"
[1] "fetching data for friends IDs in range [75601, 75700] (100 ids)"
[1] "fetching data for friends IDs in range [75701, 75800] (100 ids)"
[1] "fetching data for friends IDs in range [75801, 75900] (100 ids)"
[1] "fetching data for friends IDs in range [75901, 76000] (100 ids)"
[1] "fetching data for friends IDs in range [76001, 76100] (100 ids)"
[1] "fetching data for friends IDs in range [76101, 76200] (100 ids)"
[1] "fetching data for friends IDs in range [76201, 76300] (100 ids)"
[1] "fetching data for friends IDs in range [76301, 76400] (100 ids)"
[1] "fetching data for friends IDs in range [76401, 76500] (100 ids)"
[1] "fetching data for friends IDs in range [76501, 76600] (100 ids)"
[1] "fetching data for friends IDs in range [76601, 76700] (100 ids)"
[1] "fetching data for friends IDs in range [76701, 76800] (100 ids)"
[1] "fetching data for friends IDs in range [76801, 76900] (100 ids)"
[1] "fetching data for friends IDs in range [76901, 77000] (100 ids)"
[1] "fetching data for friends IDs in range [77001, 77100] (100 ids)"
[1] "fetching data for friends IDs in range [77101, 77200] (100 ids)"
[1] "fetching data for friends IDs in range [77201, 77300] (100 ids)"
[1] "fetching data for friends IDs in range [77301, 77400] (100 ids)"
[1] "fetching data for friends IDs in range [77401, 77500] (100 ids)"
[1] "fetching data for friends IDs in range [77501, 77600] (100 ids)"
[1] "fetching data for friends IDs in range [77601, 77700] (100 ids)"
[1] "fetching data for friends IDs in range [77701, 77800] (100 ids)"
[1] "fetching data for friends IDs in range [77801, 77900] (100 ids)"
[1] "fetching data for friends IDs in range [77901, 78000] (100 ids)"
[1] "fetching data for friends IDs in range [78001, 78100] (100 ids)"
[1] "fetching data for friends IDs in range [78101, 78200] (100 ids)"
[1] "fetching data for friends IDs in range [78201, 78300] (100 ids)"
[1] "fetching data for friends IDs in range [78301, 78400] (100 ids)"
[1] "fetching data for friends IDs in range [78401, 78500] (100 ids)"
[1] "fetching data for friends IDs in range [78501, 78600] (100 ids)"
[1] "fetching data for friends IDs in range [78601, 78700] (100 ids)"
[1] "fetching data for friends IDs in range [78701, 78800] (100 ids)"
[1] "fetching data for friends IDs in range [78801, 78900] (100 ids)"
[1] "fetching data for friends IDs in range [78901, 79000] (100 ids)"
[1] "fetching data for friends IDs in range [79001, 79100] (100 ids)"
[1] "fetching data for friends IDs in range [79101, 79200] (100 ids)"
[1] "fetching data for friends IDs in range [79201, 79300] (100 ids)"
[1] "fetching data for friends IDs in range [79301, 79400] (100 ids)"
[1] "fetching data for friends IDs in range [79401, 79500] (100 ids)"
[1] "fetching data for friends IDs in range [79501, 79600] (100 ids)"
[1] "fetching data for friends IDs in range [79601, 79700] (100 ids)"
[1] "fetching data for friends IDs in range [79701, 79800] (100 ids)"
[1] "fetching data for friends IDs in range [79801, 79900] (100 ids)"
[1] "fetching data for friends IDs in range [79901, 80000] (100 ids)"
[1] "fetching data for friends IDs in range [80001, 80100] (100 ids)"
[1] "fetching data for friends IDs in range [80101, 80200] (100 ids)"
[1] "fetching data for friends IDs in range [80201, 80300] (100 ids)"
[1] "fetching data for friends IDs in range [80301, 80400] (100 ids)"
[1] "fetching data for friends IDs in range [80401, 80500] (100 ids)"
[1] "fetching data for friends IDs in range [80501, 80600] (100 ids)"
[1] "fetching data for friends IDs in range [80601, 80700] (100 ids)"
[1] "fetching data for friends IDs in range [80701, 80800] (100 ids)"
[1] "fetching data for friends IDs in range [80801, 80900] (100 ids)"
[1] "fetching data for friends IDs in range [80901, 81000] (100 ids)"
[1] "fetching data for friends IDs in range [81001, 81100] (100 ids)"
[1] "fetching data for friends IDs in range [81101, 81200] (100 ids)"
[1] "fetching data for friends IDs in range [81201, 81300] (100 ids)"
[1] "fetching data for friends IDs in range [81301, 81400] (100 ids)"
[1] "fetching data for friends IDs in range [81401, 81500] (100 ids)"
[1] "fetching data for friends IDs in range [81501, 81600] (100 ids)"
[1] "fetching data for friends IDs in range [81601, 81700] (100 ids)"
[1] "fetching data for friends IDs in range [81701, 81800] (100 ids)"
[1] "fetching data for friends IDs in range [81801, 81900] (100 ids)"
[1] "fetching data for friends IDs in range [81901, 82000] (100 ids)"
[1] "fetching data for friends IDs in range [82001, 82100] (100 ids)"
[1] "fetching data for friends IDs in range [82101, 82200] (100 ids)"
[1] "fetching data for friends IDs in range [82201, 82300] (100 ids)"
[1] "fetching data for friends IDs in range [82301, 82400] (100 ids)"
[1] "fetching data for friends IDs in range [82401, 82500] (100 ids)"
[1] "fetching data for friends IDs in range [82501, 82600] (100 ids)"
[1] "fetching data for friends IDs in range [82601, 82700] (100 ids)"
[1] "fetching data for friends IDs in range [82701, 82800] (100 ids)"
[1] "fetching data for friends IDs in range [82801, 82900] (100 ids)"
[1] "fetching data for friends IDs in range [82901, 83000] (100 ids)"
[1] "fetching data for friends IDs in range [83001, 83100] (100 ids)"
[1] "fetching data for friends IDs in range [83101, 83200] (100 ids)"
[1] "fetching data for friends IDs in range [83201, 83300] (100 ids)"
[1] "fetching data for friends IDs in range [83301, 83400] (100 ids)"
[1] "fetching data for friends IDs in range [83401, 83500] (100 ids)"
[1] "fetching data for friends IDs in range [83501, 83600] (100 ids)"
[1] "waiting for 900 sec."
[1] "fetching data for friends IDs in range [83601, 83700] (100 ids)"
[1] "will advance with retry 1"
[1] "waiting for 900 sec."
[1] "fetching data for friends IDs in range [83601, 83700] (100 ids)"
[1] "will advance with retry 2"
[1] "waiting for 900 sec."
[1] "fetching data for friends IDs in range [83601, 83700] (100 ids)"
[1] "fetching data for friends IDs in range [83701, 83800] (100 ids)"
[1] "fetching data for friends IDs in range [83801, 83900] (100 ids)"
[1] "fetching data for friends IDs in range [83901, 84000] (100 ids)"
[1] "fetching data for friends IDs in range [84001, 84100] (100 ids)"
[1] "fetching data for friends IDs in range [84101, 84200] (100 ids)"
[1] "fetching data for friends IDs in range [84201, 84300] (100 ids)"
[1] "fetching data for friends IDs in range [84301, 84400] (100 ids)"
[1] "fetching data for friends IDs in range [84401, 84500] (100 ids)"
[1] "fetching data for friends IDs in range [84501, 84600] (100 ids)"
[1] "fetching data for friends IDs in range [84601, 84700] (100 ids)"
[1] "fetching data for friends IDs in range [84701, 84800] (100 ids)"
[1] "fetching data for friends IDs in range [84801, 84900] (100 ids)"
[1] "fetching data for friends IDs in range [84901, 85000] (100 ids)"
[1] "fetching data for friends IDs in range [85001, 85100] (100 ids)"
[1] "fetching data for friends IDs in range [85101, 85200] (100 ids)"
[1] "fetching data for friends IDs in range [85201, 85300] (100 ids)"
[1] "fetching data for friends IDs in range [85301, 85400] (100 ids)"
[1] "fetching data for friends IDs in range [85401, 85500] (100 ids)"
[1] "fetching data for friends IDs in range [85501, 85600] (100 ids)"
[1] "fetching data for friends IDs in range [85601, 85700] (100 ids)"
[1] "fetching data for friends IDs in range [85701, 85800] (100 ids)"
[1] "fetching data for friends IDs in range [85801, 85900] (100 ids)"
[1] "fetching data for friends IDs in range [85901, 86000] (100 ids)"
[1] "fetching data for friends IDs in range [86001, 86100] (100 ids)"
[1] "fetching data for friends IDs in range [86101, 86200] (100 ids)"
[1] "fetching data for friends IDs in range [86201, 86300] (100 ids)"
[1] "fetching data for friends IDs in range [86301, 86400] (100 ids)"
[1] "fetching data for friends IDs in range [86401, 86500] (100 ids)"
[1] "fetching data for friends IDs in range [86501, 86600] (100 ids)"
[1] "fetching data for friends IDs in range [86601, 86700] (100 ids)"
[1] "fetching data for friends IDs in range [86701, 86800] (100 ids)"
[1] "fetching data for friends IDs in range [86801, 86900] (100 ids)"
[1] "fetching data for friends IDs in range [86901, 87000] (100 ids)"
[1] "fetching data for friends IDs in range [87001, 87100] (100 ids)"
[1] "fetching data for friends IDs in range [87101, 87200] (100 ids)"
[1] "fetching data for friends IDs in range [87201, 87300] (100 ids)"
[1] "fetching data for friends IDs in range [87301, 87400] (100 ids)"
[1] "fetching data for friends IDs in range [87401, 87500] (100 ids)"
[1] "fetching data for friends IDs in range [87501, 87600] (100 ids)"
[1] "fetching data for friends IDs in range [87601, 87700] (100 ids)"
[1] "fetching data for friends IDs in range [87701, 87800] (100 ids)"
[1] "fetching data for friends IDs in range [87801, 87900] (100 ids)"
[1] "fetching data for friends IDs in range [87901, 88000] (100 ids)"
[1] "fetching data for friends IDs in range [88001, 88100] (100 ids)"
[1] "fetching data for friends IDs in range [88101, 88200] (100 ids)"
[1] "fetching data for friends IDs in range [88201, 88300] (100 ids)"
[1] "fetching data for friends IDs in range [88301, 88400] (100 ids)"
[1] "fetching data for friends IDs in range [88401, 88500] (100 ids)"
[1] "fetching data for friends IDs in range [88501, 88600] (100 ids)"
[1] "fetching data for friends IDs in range [88601, 88700] (100 ids)"
[1] "fetching data for friends IDs in range [88701, 88800] (100 ids)"
[1] "fetching data for friends IDs in range [88801, 88900] (100 ids)"
[1] "fetching data for friends IDs in range [88901, 89000] (100 ids)"
[1] "fetching data for friends IDs in range [89001, 89100] (100 ids)"
[1] "fetching data for friends IDs in range [89101, 89200] (100 ids)"
[1] "fetching data for friends IDs in range [89201, 89300] (100 ids)"
[1] "fetching data for friends IDs in range [89301, 89400] (100 ids)"
[1] "fetching data for friends IDs in range [89401, 89500] (100 ids)"
[1] "fetching data for friends IDs in range [89501, 89600] (100 ids)"
[1] "fetching data for friends IDs in range [89601, 89700] (100 ids)"
[1] "fetching data for friends IDs in range [89701, 89800] (100 ids)"
[1] "fetching data for friends IDs in range [89801, 89900] (100 ids)"
[1] "fetching data for friends IDs in range [89901, 90000] (100 ids)"
[1] "fetching data for friends IDs in range [90001, 90100] (100 ids)"
[1] "fetching data for friends IDs in range [90101, 90200] (100 ids)"
[1] "fetching data for friends IDs in range [90201, 90300] (100 ids)"
[1] "fetching data for friends IDs in range [90301, 90400] (100 ids)"
[1] "fetching data for friends IDs in range [90401, 90500] (100 ids)"
[1] "fetching data for friends IDs in range [90501, 90600] (100 ids)"
[1] "fetching data for friends IDs in range [90601, 90700] (100 ids)"
[1] "fetching data for friends IDs in range [90701, 90800] (100 ids)"
[1] "fetching data for friends IDs in range [90801, 90900] (100 ids)"
[1] "fetching data for friends IDs in range [90901, 91000] (100 ids)"
[1] "fetching data for friends IDs in range [91001, 91100] (100 ids)"
[1] "fetching data for friends IDs in range [91101, 91200] (100 ids)"
[1] "fetching data for friends IDs in range [91201, 91300] (100 ids)"
[1] "fetching data for friends IDs in range [91301, 91400] (100 ids)"
[1] "fetching data for friends IDs in range [91401, 91500] (100 ids)"
[1] "fetching data for friends IDs in range [91501, 91600] (100 ids)"
[1] "fetching data for friends IDs in range [91601, 91700] (100 ids)"
[1] "fetching data for friends IDs in range [91701, 91800] (100 ids)"
[1] "fetching data for friends IDs in range [91801, 91900] (100 ids)"
[1] "fetching data for friends IDs in range [91901, 92000] (100 ids)"
[1] "fetching data for friends IDs in range [92001, 92100] (100 ids)"
[1] "fetching data for friends IDs in range [92101, 92200] (100 ids)"
[1] "fetching data for friends IDs in range [92201, 92300] (100 ids)"
[1] "fetching data for friends IDs in range [92301, 92400] (100 ids)"
[1] "fetching data for friends IDs in range [92401, 92500] (100 ids)"
[1] "fetching data for friends IDs in range [92501, 92600] (100 ids)"
[1] "fetching data for friends IDs in range [92601, 92700] (100 ids)"
[1] "fetching data for friends IDs in range [92701, 92800] (100 ids)"
[1] "fetching data for friends IDs in range [92801, 92900] (100 ids)"
[1] "fetching data for friends IDs in range [92901, 93000] (100 ids)"
[1] "fetching data for friends IDs in range [93001, 93100] (100 ids)"
[1] "fetching data for friends IDs in range [93101, 93200] (100 ids)"
[1] "fetching data for friends IDs in range [93201, 93300] (100 ids)"
[1] "fetching data for friends IDs in range [93301, 93400] (100 ids)"
[1] "fetching data for friends IDs in range [93401, 93500] (100 ids)"
[1] "fetching data for friends IDs in range [93501, 93600] (100 ids)"
[1] "fetching data for friends IDs in range [93601, 93700] (100 ids)"
[1] "fetching data for friends IDs in range [93701, 93800] (100 ids)"
[1] "fetching data for friends IDs in range [93801, 93900] (100 ids)"
[1] "fetching data for friends IDs in range [93901, 94000] (100 ids)"
[1] "fetching data for friends IDs in range [94001, 94100] (100 ids)"
[1] "fetching data for friends IDs in range [94101, 94200] (100 ids)"
[1] "fetching data for friends IDs in range [94201, 94300] (100 ids)"
[1] "fetching data for friends IDs in range [94301, 94400] (100 ids)"
[1] "fetching data for friends IDs in range [94401, 94500] (100 ids)"
[1] "fetching data for friends IDs in range [94501, 94600] (100 ids)"
[1] "fetching data for friends IDs in range [94601, 94700] (100 ids)"
[1] "fetching data for friends IDs in range [94701, 94800] (100 ids)"
[1] "fetching data for friends IDs in range [94801, 94900] (100 ids)"
[1] "fetching data for friends IDs in range [94901, 95000] (100 ids)"
[1] "fetching data for friends IDs in range [95001, 95100] (100 ids)"
[1] "fetching data for friends IDs in range [95101, 95200] (100 ids)"
[1] "fetching data for friends IDs in range [95201, 95300] (100 ids)"
[1] "fetching data for friends IDs in range [95301, 95400] (100 ids)"
[1] "fetching data for friends IDs in range [95401, 95500] (100 ids)"
[1] "fetching data for friends IDs in range [95501, 95600] (100 ids)"
[1] "fetching data for friends IDs in range [95601, 95700] (100 ids)"
[1] "fetching data for friends IDs in range [95701, 95800] (100 ids)"
[1] "fetching data for friends IDs in range [95801, 95900] (100 ids)"
[1] "fetching data for friends IDs in range [95901, 96000] (100 ids)"
[1] "fetching data for friends IDs in range [96001, 96100] (100 ids)"
[1] "fetching data for friends IDs in range [96101, 96200] (100 ids)"
[1] "fetching data for friends IDs in range [96201, 96300] (100 ids)"
[1] "fetching data for friends IDs in range [96301, 96400] (100 ids)"
[1] "fetching data for friends IDs in range [96401, 96500] (100 ids)"
[1] "fetching data for friends IDs in range [96501, 96600] (100 ids)"
[1] "fetching data for friends IDs in range [96601, 96700] (100 ids)"
[1] "fetching data for friends IDs in range [96701, 96800] (100 ids)"
[1] "fetching data for friends IDs in range [96801, 96900] (100 ids)"
[1] "fetching data for friends IDs in range [96901, 97000] (100 ids)"
[1] "fetching data for friends IDs in range [97001, 97100] (100 ids)"
[1] "fetching data for friends IDs in range [97101, 97200] (100 ids)"
[1] "fetching data for friends IDs in range [97201, 97300] (100 ids)"
[1] "fetching data for friends IDs in range [97301, 97400] (100 ids)"
[1] "fetching data for friends IDs in range [97401, 97500] (100 ids)"
[1] "fetching data for friends IDs in range [97501, 97600] (100 ids)"
[1] "fetching data for friends IDs in range [97601, 97700] (100 ids)"
[1] "fetching data for friends IDs in range [97701, 97800] (100 ids)"
[1] "fetching data for friends IDs in range [97801, 97900] (100 ids)"
[1] "fetching data for friends IDs in range [97901, 98000] (100 ids)"
[1] "fetching data for friends IDs in range [98001, 98100] (100 ids)"
[1] "fetching data for friends IDs in range [98101, 98200] (100 ids)"
[1] "fetching data for friends IDs in range [98201, 98300] (100 ids)"
[1] "fetching data for friends IDs in range [98301, 98400] (100 ids)"
[1] "fetching data for friends IDs in range [98401, 98500] (100 ids)"
[1] "fetching data for friends IDs in range [98501, 98600] (100 ids)"
[1] "fetching data for friends IDs in range [98601, 98700] (100 ids)"
[1] "fetching data for friends IDs in range [98701, 98800] (100 ids)"
[1] "fetching data for friends IDs in range [98801, 98900] (100 ids)"
[1] "fetching data for friends IDs in range [98901, 99000] (100 ids)"
[1] "fetching data for friends IDs in range [99001, 99100] (100 ids)"
[1] "fetching data for friends IDs in range [99101, 99200] (100 ids)"
[1] "fetching data for friends IDs in range [99201, 99300] (100 ids)"
[1] "fetching data for friends IDs in range [99301, 99400] (100 ids)"
[1] "fetching data for friends IDs in range [99401, 99500] (100 ids)"
[1] "fetching data for friends IDs in range [99501, 99600] (100 ids)"
[1] "fetching data for friends IDs in range [99601, 99700] (100 ids)"
[1] "fetching data for friends IDs in range [99701, 99800] (100 ids)"
[1] "fetching data for friends IDs in range [99801, 99900] (100 ids)"
[1] "fetching data for friends IDs in range [99901, 100000] (100 ids)"
[1] "fetching data for friends IDs in range [100001, 100100] (100 ids)"
[1] "fetching data for friends IDs in range [100101, 100200] (100 ids)"
[1] "fetching data for friends IDs in range [100201, 100300] (100 ids)"
[1] "fetching data for friends IDs in range [100301, 100400] (100 ids)"
[1] "fetching data for friends IDs in range [100401, 100500] (100 ids)"
[1] "fetching data for friends IDs in range [100501, 100600] (100 ids)"
[1] "fetching data for friends IDs in range [100601, 100700] (100 ids)"
[1] "fetching data for friends IDs in range [100701, 100800] (100 ids)"
[1] "fetching data for friends IDs in range [100801, 100900] (100 ids)"
[1] "fetching data for friends IDs in range [100901, 100951] (51 ids)"
> 
> n_fetched <- sum(!is.na(friendsdata$screen_name))
> print(sprintf('got data for %d out of %d unique friends accounts', n_fetched, n_friends_ids))
[1] "got data for 100937 out of 100951 unique friends accounts"
> 
> friendsdata$fetch_friendsdata_timestamp <- Sys.time()
> 
> print('joining data...')
[1] "joining data..."
> friendsfull <- left_join(friends, friendsdata, by = 'user_id')
> n_matched <- sum(!is.na(friendsfull$screen_name))
> print(sprintf('matching successful for %d out of %d rows', n_matched, nrow(friends)))
[1] "matching successful for 344963 out of 344991 rows"
> 
> saveRDS(friendsfull, 'data/deputies_twitter_friends_full_20190702.RDS')
> 
> # friendsfull_csvfriendly <- select_if(friendsfull, function(x) all(!is.list(x)))
> # write.csv(friendsfull_csvfriendly, 'data/deputies_twitter_friends.csv', row.names = FALSE)
